diego.reis@NB72756 MINGW64 ~/Desktop/aula 5 introducao informatica
$ git clone https://github.com/diegoreisti/CTD-2-bimestre-aula5-Introducao-Informatica.gitCloning into 'CTD-2-bimestre-aula5-Introducao-Informatica'...
warning: You appear to have cloned an empty repository.

diego.reis@NB72756 MINGW64 ~/Desktop/aula 5 introducao informatica
$ ls
CTD-2-bimestre-aula5-Introducao-Informatica/

diego.reis@NB72756 MINGW64 ~/Desktop/aula 5 introducao informatica
$ cd CTD-2-bimestre-aula5-Introducao-Informatica/

diego.reis@NB72756 MINGW64 ~/Desktop/aula 5 introducao informatica/CTD-2-bimestre-aula5-Introducao-Informatica (master)
$ git pull origin main
remote: Enumerating objects: 3, done.
remote: Counting objects: 100% (3/3), done.
remote: Compressing objects: 100% (2/2), done.
remote: Total 3 (delta 0), reused 0 (delta 0), pack-reused 0
Unpacking objects: 100% (3/3), 672 bytes | 74.00 KiB/s, done.
From https://github.com/diegoreisti/CTD-2-bimestre-aula5-Introducao-Informatica
 * branch            main       -> FETCH_HEAD
 * [new branch]      main       -> origin/main


diego.reis@NB72756 MINGW64 ~/Desktop/aula 5 introducao informatica
$ git clone
fatal: You must specify a repository to clone.

usage: git clone [<options>] [--] <repo> [<dir>]

    -v, --verbose         be more verbose
    -q, --quiet           be more quiet
    --progress            force progress reporting
    --reject-shallow      don't clone shallow repository
    -n, --no-checkout     don't create a checkout
    --bare                create a bare repository
    --mirror              create a mirror repository (implies bare)
    -l, --local           to clone from a local repository
    --no-hardlinks        don't use local hardlinks, always copy
    -s, --shared          setup as shared repository
    --recurse-submodules[=<pathspec>]
                          initialize submodules in the clone
    --recursive ...       alias of --recurse-submodules
    -j, --jobs <n>        number of submodules cloned in parallel
    --template <template-directory>
                          directory from which templates will be used
    --reference <repo>    reference repository
    --reference-if-able <repo>
                          reference repository
    --dissociate          use --reference only while cloning
    -o, --origin <name>   use <name> instead of 'origin' to track upstream
    -b, --branch <branch>
                          checkout <branch> instead of the remote's HEAD
    -u, --upload-pack <path>
                          path to git-upload-pack on the remote
    --depth <depth>       create a shallow clone of that depth
    --shallow-since <time>
                          create a shallow clone since a specific time
    --shallow-exclude <revision>
                          deepen history of shallow clone, excluding rev
    --single-branch       clone only one branch, HEAD or --branch
    --no-tags             don't clone any tags, and make later fetches not to follow them
    --shallow-submodules  any cloned submodules will be shallow
    --separate-git-dir <gitdir>
                          separate git dir from working tree
    -c, --config <key=value>
                          set config inside the new repository
    --server-option <server-specific>
                          option to transmit
    -4, --ipv4            use IPv4 addresses only
    -6, --ipv6            use IPv6 addresses only
    --filter <args>       object filtering
    --remote-submodules   any cloned submodules will use their remote-tracking branch
    --sparse              initialize sparse-checkout file to include only files at root


diego.reis@NB72756 MINGW64 ~/Desktop/aula 5 introducao informatica
$

diego.reis@NB72756 MINGW64 ~/Desktop/aula 5 introducao informatica
$

diego.reis@NB72756 MINGW64 ~/Desktop/aula 5 introducao informatica
$ git clone https://github.com/diegoreisti/CTD-2-bimestre-aula5-Introducao-Informatica.gitCloning into 'CTD-2-bimestre-aula5-Introducao-Informatica'...
warning: You appear to have cloned an empty repository.

diego.reis@NB72756 MINGW64 ~/Desktop/aula 5 introducao informatica
$ git pull origin main
fatal: not a git repository (or any of the parent directories): .git

diego.reis@NB72756 MINGW64 ~/Desktop/aula 5 introducao informatica
$ git status
fatal: not a git repository (or any of the parent directories): .git

diego.reis@NB72756 MINGW64 ~/Desktop/aula 5 introducao informatica
$ ls
CTD-2-bimestre-aula5-Introducao-Informatica/

diego.reis@NB72756 MINGW64 ~/Desktop/aula 5 introducao informatica
$ cd CTD-2-bimestre-aula5-Introducao-Informatica/

diego.reis@NB72756 MINGW64 ~/Desktop/aula 5 introducao informatica/CTD-2-bimestre-aula5-Introducao-Informatica (master)
$ git pull origin main
remote: Enumerating objects: 3, done.
remote: Counting objects: 100% (3/3), done.
remote: Compressing objects: 100% (2/2), done.
remote: Total 3 (delta 0), reused 0 (delta 0), pack-reused 0
Unpacking objects: 100% (3/3), 672 bytes | 74.00 KiB/s, done.
From https://github.com/diegoreisti/CTD-2-bimestre-aula5-Introducao-Informatica
 * branch            main       -> FETCH_HEAD
 * [new branch]      main       -> origin/main

diego.reis@NB72756 MINGW64 ~/Desktop/aula 5 introducao informatica/CTD-2-bimestre-aula5-Introducao-Informatica (master)
$ ^C

diego.reis@NB72756 MINGW64 ~/Desktop/aula 5 introducao informatica/CTD-2-bimestre-aula5-Introducao-Informatica (master)
$ touch diego1.txt diego2.txt diego3.txt

diego.reis@NB72756 MINGW64 ~/Desktop/aula 5 introducao informatica/CTD-2-bimestre-aula5-Introducao-Informatica (master)
$ git add .

diego.reis@NB72756 MINGW64 ~/Desktop/aula 5 introducao informatica/CTD-2-bimestre-aula5-Introducao-Informatica (master)
$ git commit -m "subindo os três arquivis de Diego"
[master b4eace0] subindo os três arquivis de Diego
 3 files changed, 3 insertions(+)
 create mode 100644 diego1.txt
 create mode 100644 diego2.txt
 create mode 100644 diego3.txt

diego.reis@NB72756 MINGW64 ~/Desktop/aula 5 introducao informatica/CTD-2-bimestre-aula5-Introducao-Informatica (master)
$ git push origin main
error: src refspec main does not match any
error: failed to push some refs to 'https://github.com/diegoreisti/CTD-2-bimestre-aula5-Introducao-Informatica.git'

diego.reis@NB72756 MINGW64 ~/Desktop/aula 5 introducao informatica/CTD-2-bimestre-aula5-Introducao-Informatica (master)
$ git push
Enumerating objects: 6, done.
Counting objects: 100% (6/6), done.
Delta compression using up to 8 threads
Compressing objects: 100% (2/2), done.
Writing objects: 100% (5/5), 436 bytes | 436.00 KiB/s, done.
Total 5 (delta 0), reused 0 (delta 0), pack-reused 0
remote:
remote: Create a pull request for 'master' on GitHub by visiting:
remote:      https://github.com/diegoreisti/CTD-2-bimestre-aula5-Introducao-Informatica/pull/new/master
remote:
To https://github.com/diegoreisti/CTD-2-bimestre-aula5-Introducao-Informatica.git
 * [new branch]      master -> master

diego.reis@NB72756 MINGW64 ~/Desktop/aula 5 introducao informatica/CTD-2-bimestre-aula5-Introducao-Informatica (master)
$ git status
On branch master
Your branch is up to date with 'origin/master'.

nothing to commit, working tree clean

diego.reis@NB72756 MINGW64 ~/Desktop/aula 5 introducao informatica/CTD-2-bimestre-aula5-Introducao-Informatica (master)
$ git pull origin main
remote: Enumerating objects: 10, done.
remote: Counting objects: 100% (10/10), done.
remote: Compressing objects: 100% (4/4), done.
remote: Total 8 (delta 1), reused 7 (delta 1), pack-reused 0
Unpacking objects: 100% (8/8), 1.35 KiB | 55.00 KiB/s, done.
From https://github.com/diegoreisti/CTD-2-bimestre-aula5-Introducao-Informatica
 * branch            main       -> FETCH_HEAD
   a75e41c..4fa5d02  main       -> origin/main
Updating b4eace0..4fa5d02
Fast-forward
 alcilene1.txt | 1 +
 alcilene2.txt | 1 +
 alcilene3.txt | 1 +
 3 files changed, 3 insertions(+)
 create mode 100644 alcilene1.txt
 create mode 100644 alcilene2.txt
 create mode 100644 alcilene3.txt

diego.reis@NB72756 MINGW64 ~/Desktop/aula 5 introducao informatica/CTD-2-bimestre-aula5-Introducao-Informatica (master)
$ git add diego1.txt

diego.reis@NB72756 MINGW64 ~/Desktop/aula 5 introducao informatica/CTD-2-bimestre-aula5-Introducao-Informatica (master)
$ git commit -m "quote from the mask :D"
[master 78d946f] quote from the mask :D
 1 file changed, 3 insertions(+), 1 deletion(-)

diego.reis@NB72756 MINGW64 ~/Desktop/aula 5 introducao informatica/CTD-2-bimestre-aula5-Introducao-Informatica (master)
$ git push
Enumerating objects: 14, done.
Counting objects: 100% (14/14), done.
Delta compression using up to 8 threads
Compressing objects: 100% (8/8), done.
Writing objects: 100% (11/11), 1.64 KiB | 558.00 KiB/s, done.
Total 11 (delta 2), reused 0 (delta 0), pack-reused 0
remote: Resolving deltas: 100% (2/2), done.
To https://github.com/diegoreisti/CTD-2-bimestre-aula5-Introducao-Informatica.git
   b4eace0..78d946f  master -> master

diego.reis@NB72756 MINGW64 ~/Desktop/aula 5 introducao informatica/CTD-2-bimestre-aula5-Introducao-Informatica (master)
$ git pull origin main
remote: Enumerating objects: 5, done.
remote: Counting objects: 100% (5/5), done.
remote: Compressing objects: 100% (1/1), done.
remote: Total 3 (delta 1), reused 3 (delta 1), pack-reused 0
Unpacking objects: 100% (3/3), 272 bytes | 22.00 KiB/s, done.
From https://github.com/diegoreisti/CTD-2-bimestre-aula5-Introducao-Informatica
 * branch            main       -> FETCH_HEAD
   4fa5d02..978b51e  main       -> origin/main
hint: Waiting for your editor to close the file...
Merge made by the 'recursive' strategy.
 alcilene1.txt | 2 +-
 1 file changed, 1 insertion(+), 1 deletion(-)

diego.reis@NB72756 MINGW64 ~/Desktop/aula 5 introducao informatica/CTD-2-bimestre-aula5-Introducao-Informatica (master)
$

diego.reis@NB72756 MINGW64 ~/Desktop/aula 5 introducao informatica/CTD-2-bimestre-aula5-Introducao-Informatica (master)
$ git status
On branch master
Your branch is ahead of 'origin/master' by 2 commits.
  (use "git push" to publish your local commits)

nothing to commit, working tree clean

diego.reis@NB72756 MINGW64 ~/Desktop/aula 5 introducao informatica/CTD-2-bimestre-aula5-Introducao-Informatica (master)
$ git add diego1.txt

diego.reis@NB72756 MINGW64 ~/Desktop/aula 5 introducao informatica/CTD-2-bimestre-aula5-Introducao-Informatica (master)
$ dit commit -m "quote from The Mask"
bash: dit: command not found

diego.reis@NB72756 MINGW64 ~/Desktop/aula 5 introducao informatica/CTD-2-bimestre-aula5-Introducao-Informatica (master)
$ git push
Enumerating objects: 4, done.
Counting objects: 100% (4/4), done.
Delta compression using up to 8 threads
Compressing objects: 100% (2/2), done.
Writing objects: 100% (2/2), 335 bytes | 335.00 KiB/s, done.
Total 2 (delta 1), reused 0 (delta 0), pack-reused 0
remote: Resolving deltas: 100% (1/1), completed with 1 local object.
To https://github.com/diegoreisti/CTD-2-bimestre-aula5-Introducao-Informatica.git
   78d946f..8ba8010  master -> master

diego.reis@NB72756 MINGW64 ~/Desktop/aula 5 introducao informatica/CTD-2-bimestre-aula5-Introducao-Informatica (master)
$ git status
On branch master
Your branch is up to date with 'origin/master'.

Changes to be committed:
  (use "git restore --staged <file>..." to unstage)
        modified:   diego1.txt

Changes not staged for commit:
  (use "git add <file>..." to update what will be committed)
  (use "git restore <file>..." to discard changes in working directory)
        modified:   diego1.txt


diego.reis@NB72756 MINGW64 ~/Desktop/aula 5 introducao informatica/CTD-2-bimestre-aula5-Introducao-Informatica (master)
$ git add diego1.txt

diego.reis@NB72756 MINGW64 ~/Desktop/aula 5 introducao informatica/CTD-2-bimestre-aula5-Introducao-Informatica (master)
$ dit commit -m "quote from The Mask"
bash: dit: command not found

diego.reis@NB72756 MINGW64 ~/Desktop/aula 5 introducao informatica/CTD-2-bimestre-aula5-Introducao-Informatica (master)
$ git push
Everything up-to-date

diego.reis@NB72756 MINGW64 ~/Desktop/aula 5 introducao informatica/CTD-2-bimestre-aula5-Introducao-Informatica (master)
$ git pull origin main
From https://github.com/diegoreisti/CTD-2-bimestre-aula5-Introducao-Informatica
 * branch            main       -> FETCH_HEAD
Already up to date.

diego.reis@NB72756 MINGW64 ~/Desktop/aula 5 introducao informatica/CTD-2-bimestre-aula5-Introducao-Informatica (master)
$ git status
On branch master
Your branch is up to date with 'origin/master'.

Changes to be committed:
  (use "git restore --staged <file>..." to unstage)
        modified:   diego1.txt

Changes not staged for commit:
  (use "git add <file>..." to update what will be committed)
  (use "git restore <file>..." to discard changes in working directory)
        modified:   diego2.txt


diego.reis@NB72756 MINGW64 ~/Desktop/aula 5 introducao informatica/CTD-2-bimestre-aula5-Introducao-Informatica (master)
$ git add .

diego.reis@NB72756 MINGW64 ~/Desktop/aula 5 introducao informatica/CTD-2-bimestre-aula5-Introducao-Informatica (master)
$ git commit -m "já perdi as esperanças"
[master 5a2ad5e] já perdi as esperanças
 2 files changed, 7 insertions(+), 1 deletion(-)

diego.reis@NB72756 MINGW64 ~/Desktop/aula 5 introducao informatica/CTD-2-bimestre-aula5-Introducao-Informatica (master)
$ git push
Enumerating objects: 7, done.
Counting objects: 100% (7/7), done.
Delta compression using up to 8 threads
Compressing objects: 100% (3/3), done.
Writing objects: 100% (4/4), 430 bytes | 430.00 KiB/s, done.
Total 4 (delta 1), reused 0 (delta 0), pack-reused 0
remote: Resolving deltas: 100% (1/1), completed with 1 local object.
To https://github.com/diegoreisti/CTD-2-bimestre-aula5-Introducao-Informatica.git
   8ba8010..5a2ad5e  master -> master

diego.reis@NB72756 MINGW64 ~/Desktop/aula 5 introducao informatica/CTD-2-bimestre-aula5-Introducao-Informatica (master)
$ git push origin main
error: src refspec main does not match any
error: failed to push some refs to 'https://github.com/diegoreisti/CTD-2-bimestre-aula5-Introducao-Informatica.git'

diego.reis@NB72756 MINGW64 ~/Desktop/aula 5 introducao informatica/CTD-2-bimestre-aula5-Introducao-Informatica (master)
$ git add .

diego.reis@NB72756 MINGW64 ~/Desktop/aula 5 introducao informatica/CTD-2-bimestre-aula5-Introducao-Informatica (master)
$ git commit -m "meu prato favorito"
[master 993f9db] meu prato favorito
 1 file changed, 3 insertions(+), 1 deletion(-)

diego.reis@NB72756 MINGW64 ~/Desktop/aula 5 introducao informatica/CTD-2-bimestre-aula5-Introducao-Informatica (master)
$ git push origin master
Enumerating objects: 5, done.
Counting objects: 100% (5/5), done.
Delta compression using up to 8 threads
Compressing objects: 100% (3/3), done.
Writing objects: 100% (3/3), 323 bytes | 323.00 KiB/s, done.
Total 3 (delta 1), reused 0 (delta 0), pack-reused 0
remote: Resolving deltas: 100% (1/1), completed with 1 local object.
To https://github.com/diegoreisti/CTD-2-bimestre-aula5-Introducao-Informatica.git
   5a2ad5e..993f9db  master -> master

diego.reis@NB72756 MINGW64 ~/Desktop/aula 5 introducao informatica/CTD-2-bimestre-aula5-Introducao-Informatica (master)
$ git checkout master
Already on 'master'
Your branch is up to date with 'origin/master'.

diego.reis@NB72756 MINGW64 ~/Desktop/aula 5 introducao informatica/CTD-2-bimestre-aula5-Introducao-Informatica (master)
$ git checkout origin/master
Note: switching to 'origin/master'.

You are in 'detached HEAD' state. You can look around, make experimental
changes and commit them, and you can discard any commits you make in this
state without impacting any branches by switching back to a branch.

If you want to create a new branch to retain commits you create, you may
do so (now or later) by using -c with the switch command. Example:

  git switch -c <new-branch-name>

Or undo this operation with:

  git switch -

Turn off this advice by setting config variable advice.detachedHead to false

HEAD is now at 993f9db meu prato favorito

diego.reis@NB72756 MINGW64 ~/Desktop/aula 5 introducao informatica/CTD-2-bimestre-aula5-Introducao-Informatica ((993f9db...))
$ git branch
* (HEAD detached at origin/master)
  master

diego.reis@NB72756 MINGW64 ~/Desktop/aula 5 introducao informatica/CTD-2-bimestre-aula5-Introducao-Informatica ((993f9db...))
$ git chackout origin/main
git: 'chackout' is not a git command. See 'git --help'.

The most similar command is
        checkout

diego.reis@NB72756 MINGW64 ~/Desktop/aula 5 introducao informatica/CTD-2-bimestre-aula5-Introducao-Informatica ((993f9db...))
$ git checkin origin/main
git: 'checkin' is not a git command. See 'git --help'.

The most similar commands are
        check-ignore
        checkout

diego.reis@NB72756 MINGW64 ~/Desktop/aula 5 introducao informatica/CTD-2-bimestre-aula5-Introducao-Informatica ((993f9db...))
$ git chackout
git: 'chackout' is not a git command. See 'git --help'.

The most similar command is
        checkout

diego.reis@NB72756 MINGW64 ~/Desktop/aula 5 introducao informatica/CTD-2-bimestre-aula5-Introducao-Informatica ((993f9db...))
$ checkout
bash: checkout: command not found

diego.reis@NB72756 MINGW64 ~/Desktop/aula 5 introducao informatica/CTD-2-bimestre-aula5-Introducao-Informatica ((993f9db...))
$ ls
README.md  alcilene1.txt  alcilene2.txt  alcilene3.txt  diego1.txt  diego2.txt  diego3.txt

diego.reis@NB72756 MINGW64 ~/Desktop/aula 5 introducao informatica/CTD-2-bimestre-aula5-Introducao-Informatica ((993f9db...))
$ git checkout

diego.reis@NB72756 MINGW64 ~/Desktop/aula 5 introducao informatica/CTD-2-bimestre-aula5-Introducao-Informatica ((993f9db...))
$ git checkout origin master
error: pathspec 'origin' did not match any file(s) known to git
error: pathspec 'master' did not match any file(s) known to git

diego.reis@NB72756 MINGW64 ~/Desktop/aula 5 introducao informatica/CTD-2-bimestre-aula5-Introducao-Informatica ((993f9db...))
$ git branch -m master main

diego.reis@NB72756 MINGW64 ~/Desktop/aula 5 introducao informatica/CTD-2-bimestre-aula5-Introducao-Informatica ((993f9db...))
$ git push -u origin main
Total 0 (delta 0), reused 0 (delta 0), pack-reused 0
To https://github.com/diegoreisti/CTD-2-bimestre-aula5-Introducao-Informatica.git
   978b51e..993f9db  main -> main
Branch 'main' set up to track remote branch 'main' from 'origin'.

diego.reis@NB72756 MINGW64 ~/Desktop/aula 5 introducao informatica/CTD-2-bimestre-aula5-Introducao-Informatica ((993f9db...))
$ ls
README.md  alcilene1.txt  alcilene2.txt  alcilene3.txt  diego1.txt  diego2.txt  diego3.txt

diego.reis@NB72756 MINGW64 ~/Desktop/aula 5 introducao informatica/CTD-2-bimestre-aula5-Introducao-Informatica ((993f9db...))
$ git status
HEAD detached at origin/master
Changes not staged for commit:
  (use "git add <file>..." to update what will be committed)
  (use "git restore <file>..." to discard changes in working directory)
        modified:   diego3.txt

no changes added to commit (use "git add" and/or "git commit -a")

diego.reis@NB72756 MINGW64 ~/Desktop/aula 5 introducao informatica/CTD-2-bimestre-aula5-Introducao-Informatica ((993f9db...))
$ git add .

diego.reis@NB72756 MINGW64 ~/Desktop/aula 5 introducao informatica/CTD-2-bimestre-aula5-Introducao-Informatica ((993f9db...))
$ git commit -m "alteração no arquivo 3"
[detached HEAD 1df869a] alteração no arquivo 3
 1 file changed, 3 insertions(+), 1 deletion(-)

diego.reis@NB72756 MINGW64 ~/Desktop/aula 5 introducao informatica/CTD-2-bimestre-aula5-Introducao-Informatica ((1df869a...))
$ git push origin main
Everything up-to-date

diego.reis@NB72756 MINGW64 ~/Desktop/aula 5 introducao informatica/CTD-2-bimestre-aula5-Introducao-Informatica ((1df869a...))
$ git checkout main
Warning: you are leaving 1 commit behind, not connected to
any of your branches:

  1df869a alteração no arquivo 3

If you want to keep it by creating a new branch, this may be a good time
to do so with:

 git branch <new-branch-name> 1df869a

Switched to branch 'main'
Your branch is up to date with 'origin/main'.

diego.reis@NB72756 MINGW64 ~/Desktop/aula 5 introducao informatica/CTD-2-bimestre-aula5-Introducao-Informatica (main)
$ git pull
Already up to date.

diego.reis@NB72756 MINGW64 ~/Desktop/aula 5 introducao informatica/CTD-2-bimestre-aula5-Introducao-Informatica (main)
$ git add .

diego.reis@NB72756 MINGW64 ~/Desktop/aula 5 introducao informatica/CTD-2-bimestre-aula5-Introducao-Informatica (main)
$ git status
On branch main
Your branch is up to date with 'origin/main'.

Changes to be committed:
  (use "git restore --staged <file>..." to unstage)
        modified:   alcilene1.txt


diego.reis@NB72756 MINGW64 ~/Desktop/aula 5 introducao informatica/CTD-2-bimestre-aula5-Introducao-Informatica (main)
$ git commit -m "mais uma alteração"
[main 55e46c1] mais uma alteração
 1 file changed, 1 insertion(+), 1 deletion(-)

diego.reis@NB72756 MINGW64 ~/Desktop/aula 5 introducao informatica/CTD-2-bimestre-aula5-Introducao-Informatica (main)
$ git push
To https://github.com/diegoreisti/CTD-2-bimestre-aula5-Introducao-Informatica.git
 ! [rejected]        main -> main (fetch first)
error: failed to push some refs to 'https://github.com/diegoreisti/CTD-2-bimestre-aula5-Introducao-Informatica.git'
hint: Updates were rejected because the remote contains work that you do
hint: not have locally. This is usually caused by another repository pushing
hint: to the same ref. You may want to first integrate the remote changes
hint: (e.g., 'git pull ...') before pushing again.
hint: See the 'Note about fast-forwards' in 'git push --help' for details.

diego.reis@NB72756 MINGW64 ~/Desktop/aula 5 introducao informatica/CTD-2-bimestre-aula5-Introducao-Informatica (main)
$ git pull
remote: Enumerating objects: 10, done.
remote: Counting objects: 100% (10/10), done.
remote: Compressing objects: 100% (3/3), done.
remote: Total 6 (delta 3), reused 6 (delta 3), pack-reused 0
Unpacking objects: 100% (6/6), 607 bytes | 31.00 KiB/s, done.
From https://github.com/diegoreisti/CTD-2-bimestre-aula5-Introducao-Informatica
   993f9db..c2152da  main       -> origin/main
Auto-merging alcilene1.txt
CONFLICT (content): Merge conflict in alcilene1.txt
Automatic merge failed; fix conflicts and then commit the result.

diego.reis@NB72756 MINGW64 ~/Desktop/aula 5 introducao informatica/CTD-2-bimestre-aula5-Introducao-Informatica (main|MERGING)
$ git status
On branch main
Your branch and 'origin/main' have diverged,
and have 1 and 2 different commits each, respectively.
  (use "git pull" to merge the remote branch into yours)

You have unmerged paths.
  (fix conflicts and run "git commit")
  (use "git merge --abort" to abort the merge)

Unmerged paths:
  (use "git add <file>..." to mark resolution)
        both modified:   alcilene1.txt

no changes added to commit (use "git add" and/or "git commit -a")

diego.reis@NB72756 MINGW64 ~/Desktop/aula 5 introducao informatica/CTD-2-bimestre-aula5-Introducao-Informatica (main|MERGING)
$ git add .

diego.reis@NB72756 MINGW64 ~/Desktop/aula 5 introducao informatica/CTD-2-bimestre-aula5-Introducao-Informatica (main|MERGING)
$ git commit -m "resolvendo segundo conflito"
[main 826eee2] resolvendo segundo conflito

diego.reis@NB72756 MINGW64 ~/Desktop/aula 5 introducao informatica/CTD-2-bimestre-aula5-Introducao-Informatica (main)
$ git push
Enumerating objects: 10, done.
Counting objects: 100% (10/10), done.
Delta compression using up to 8 threads
Compressing objects: 100% (6/6), done.
Writing objects: 100% (6/6), 645 bytes | 645.00 KiB/s, done.
Total 6 (delta 3), reused 0 (delta 0), pack-reused 0
remote: Resolving deltas: 100% (3/3), completed with 1 local object.
To https://github.com/diegoreisti/CTD-2-bimestre-aula5-Introducao-Informatica.git
   c2152da..826eee2  main -> main

diego.reis@NB72756 MINGW64 ~/Desktop/aula 5 introducao informatica/CTD-2-bimestre-aula5-Introducao-Informatica (main)
$
